[2025-03-27 10:37:21] local.ERROR: syntax error, unexpected single-quoted string "api", expecting "function" {"exception":"[object] (ParseError(code: 0): syntax error, unexpected single-quoted string \"api\", expecting \"function\" at /Users/sumankhadka/Documents/Works/Beema Samadhan/app/Http/Kernel.php:68)
[stacktrace]
#0 /Users/sumankhadka/Documents/Works/Beema Samadhan/vendor/composer/ClassLoader.php(427): Composer\\Autoload\\{closure}('/Users/sumankha...')
#1 [internal function]: Composer\\Autoload\\ClassLoader->loadClass('App\\\\Http\\\\Kernel')
#2 /Users/sumankhadka/Documents/Works/Beema Samadhan/vendor/laravel/framework/src/Illuminate/Container/Container.php(944): ReflectionClass->__construct('App\\\\Http\\\\Kernel')
#3 /Users/sumankhadka/Documents/Works/Beema Samadhan/vendor/laravel/framework/src/Illuminate/Container/Container.php(819): Illuminate\\Container\\Container->build('App\\\\Http\\\\Kernel')
#4 /Users/sumankhadka/Documents/Works/Beema Samadhan/vendor/laravel/framework/src/Illuminate/Foundation/Application.php(1074): Illuminate\\Container\\Container->resolve('App\\\\Http\\\\Kernel', Array, false)
#5 /Users/sumankhadka/Documents/Works/Beema Samadhan/vendor/laravel/framework/src/Illuminate/Container/Container.php(324): Illuminate\\Foundation\\Application->resolve('App\\\\Http\\\\Kernel', Array, false)
#6 /Users/sumankhadka/Documents/Works/Beema Samadhan/vendor/laravel/framework/src/Illuminate/Container/Container.php(937): Illuminate\\Container\\Container->Illuminate\\Container\\{closure}(Object(Illuminate\\Foundation\\Application), Array)
#7 /Users/sumankhadka/Documents/Works/Beema Samadhan/vendor/laravel/framework/src/Illuminate/Container/Container.php(819): Illuminate\\Container\\Container->build(Object(Closure))
#8 /Users/sumankhadka/Documents/Works/Beema Samadhan/vendor/laravel/framework/src/Illuminate/Foundation/Application.php(1074): Illuminate\\Container\\Container->resolve('Illuminate\\\\Cont...', Array, true)
#9 /Users/sumankhadka/Documents/Works/Beema Samadhan/vendor/laravel/framework/src/Illuminate/Container/Container.php(755): Illuminate\\Foundation\\Application->resolve('Illuminate\\\\Cont...', Array)
#10 /Users/sumankhadka/Documents/Works/Beema Samadhan/vendor/laravel/framework/src/Illuminate/Foundation/Application.php(1056): Illuminate\\Container\\Container->make('Illuminate\\\\Cont...', Array)
#11 /Users/sumankhadka/Documents/Works/Beema Samadhan/vendor/laravel/sanctum/src/SanctumServiceProvider.php(119): Illuminate\\Foundation\\Application->make('Illuminate\\\\Cont...')
#12 /Users/sumankhadka/Documents/Works/Beema Samadhan/vendor/laravel/sanctum/src/SanctumServiceProvider.php(58): Laravel\\Sanctum\\SanctumServiceProvider->configureMiddleware()
#13 /Users/sumankhadka/Documents/Works/Beema Samadhan/vendor/laravel/framework/src/Illuminate/Container/BoundMethod.php(36): Laravel\\Sanctum\\SanctumServiceProvider->boot()
#14 /Users/sumankhadka/Documents/Works/Beema Samadhan/vendor/laravel/framework/src/Illuminate/Container/Util.php(43): Illuminate\\Container\\BoundMethod::Illuminate\\Container\\{closure}()
#15 /Users/sumankhadka/Documents/Works/Beema Samadhan/vendor/laravel/framework/src/Illuminate/Container/BoundMethod.php(95): Illuminate\\Container\\Util::unwrapIfClosure(Object(Closure))
#16 /Users/sumankhadka/Documents/Works/Beema Samadhan/vendor/laravel/framework/src/Illuminate/Container/BoundMethod.php(35): Illuminate\\Container\\BoundMethod::callBoundMethod(Object(Illuminate\\Foundation\\Application), Array, Object(Closure))
#17 /Users/sumankhadka/Documents/Works/Beema Samadhan/vendor/laravel/framework/src/Illuminate/Container/Container.php(694): Illuminate\\Container\\BoundMethod::call(Object(Illuminate\\Foundation\\Application), Array, Array, NULL)
#18 /Users/sumankhadka/Documents/Works/Beema Samadhan/vendor/laravel/framework/src/Illuminate/Foundation/Application.php(1147): Illuminate\\Container\\Container->call(Array)
#19 /Users/sumankhadka/Documents/Works/Beema Samadhan/vendor/laravel/framework/src/Illuminate/Foundation/Application.php(1128): Illuminate\\Foundation\\Application->bootProvider(Object(Laravel\\Sanctum\\SanctumServiceProvider))
#20 [internal function]: Illuminate\\Foundation\\Application->Illuminate\\Foundation\\{closure}(Object(Laravel\\Sanctum\\SanctumServiceProvider), 'Laravel\\\\Sanctum...')
#21 /Users/sumankhadka/Documents/Works/Beema Samadhan/vendor/laravel/framework/src/Illuminate/Foundation/Application.php(1127): array_walk(Array, Object(Closure))
#22 /Users/sumankhadka/Documents/Works/Beema Samadhan/vendor/laravel/framework/src/Illuminate/Foundation/Bootstrap/BootProviders.php(17): Illuminate\\Foundation\\Application->boot()
#23 /Users/sumankhadka/Documents/Works/Beema Samadhan/vendor/laravel/framework/src/Illuminate/Foundation/Application.php(342): Illuminate\\Foundation\\Bootstrap\\BootProviders->bootstrap(Object(Illuminate\\Foundation\\Application))
#24 /Users/sumankhadka/Documents/Works/Beema Samadhan/vendor/laravel/framework/src/Illuminate/Foundation/Console/Kernel.php(474): Illuminate\\Foundation\\Application->bootstrapWith(Array)
#25 /Users/sumankhadka/Documents/Works/Beema Samadhan/vendor/laravel/framework/src/Illuminate/Foundation/Console/Kernel.php(196): Illuminate\\Foundation\\Console\\Kernel->bootstrap()
#26 Command line code(1): Illuminate\\Foundation\\Console\\Kernel->handle(Object(Symfony\\Component\\Console\\Input\\ArgvInput), Object(Symfony\\Component\\Console\\Output\\ConsoleOutput))
#27 {main}
"} 
[2025-03-27 10:37:22] local.ERROR: syntax error, unexpected single-quoted string "api", expecting "function" {"exception":"[object] (ParseError(code: 0): syntax error, unexpected single-quoted string \"api\", expecting \"function\" at /Users/sumankhadka/Documents/Works/Beema Samadhan/app/Http/Kernel.php:68)
[stacktrace]
#0 /Users/sumankhadka/Documents/Works/Beema Samadhan/vendor/composer/ClassLoader.php(427): Composer\\Autoload\\{closure}('/Users/sumankha...')
#1 [internal function]: Composer\\Autoload\\ClassLoader->loadClass('App\\\\Http\\\\Kernel')
#2 /Users/sumankhadka/Documents/Works/Beema Samadhan/vendor/laravel/framework/src/Illuminate/Container/Container.php(944): ReflectionClass->__construct('App\\\\Http\\\\Kernel')
#3 /Users/sumankhadka/Documents/Works/Beema Samadhan/vendor/laravel/framework/src/Illuminate/Container/Container.php(819): Illuminate\\Container\\Container->build('App\\\\Http\\\\Kernel')
#4 /Users/sumankhadka/Documents/Works/Beema Samadhan/vendor/laravel/framework/src/Illuminate/Foundation/Application.php(1074): Illuminate\\Container\\Container->resolve('App\\\\Http\\\\Kernel', Array, false)
#5 /Users/sumankhadka/Documents/Works/Beema Samadhan/vendor/laravel/framework/src/Illuminate/Container/Container.php(324): Illuminate\\Foundation\\Application->resolve('App\\\\Http\\\\Kernel', Array, false)
#6 /Users/sumankhadka/Documents/Works/Beema Samadhan/vendor/laravel/framework/src/Illuminate/Container/Container.php(937): Illuminate\\Container\\Container->Illuminate\\Container\\{closure}(Object(Illuminate\\Foundation\\Application), Array)
#7 /Users/sumankhadka/Documents/Works/Beema Samadhan/vendor/laravel/framework/src/Illuminate/Container/Container.php(819): Illuminate\\Container\\Container->build(Object(Closure))
#8 /Users/sumankhadka/Documents/Works/Beema Samadhan/vendor/laravel/framework/src/Illuminate/Foundation/Application.php(1074): Illuminate\\Container\\Container->resolve('Illuminate\\\\Cont...', Array, true)
#9 /Users/sumankhadka/Documents/Works/Beema Samadhan/vendor/laravel/framework/src/Illuminate/Container/Container.php(755): Illuminate\\Foundation\\Application->resolve('Illuminate\\\\Cont...', Array)
#10 /Users/sumankhadka/Documents/Works/Beema Samadhan/vendor/laravel/framework/src/Illuminate/Foundation/Application.php(1056): Illuminate\\Container\\Container->make('Illuminate\\\\Cont...', Array)
#11 /Users/sumankhadka/Documents/Works/Beema Samadhan/vendor/laravel/sanctum/src/SanctumServiceProvider.php(119): Illuminate\\Foundation\\Application->make('Illuminate\\\\Cont...')
#12 /Users/sumankhadka/Documents/Works/Beema Samadhan/vendor/laravel/sanctum/src/SanctumServiceProvider.php(58): Laravel\\Sanctum\\SanctumServiceProvider->configureMiddleware()
#13 /Users/sumankhadka/Documents/Works/Beema Samadhan/vendor/laravel/framework/src/Illuminate/Container/BoundMethod.php(36): Laravel\\Sanctum\\SanctumServiceProvider->boot()
#14 /Users/sumankhadka/Documents/Works/Beema Samadhan/vendor/laravel/framework/src/Illuminate/Container/Util.php(43): Illuminate\\Container\\BoundMethod::Illuminate\\Container\\{closure}()
#15 /Users/sumankhadka/Documents/Works/Beema Samadhan/vendor/laravel/framework/src/Illuminate/Container/BoundMethod.php(95): Illuminate\\Container\\Util::unwrapIfClosure(Object(Closure))
#16 /Users/sumankhadka/Documents/Works/Beema Samadhan/vendor/laravel/framework/src/Illuminate/Container/BoundMethod.php(35): Illuminate\\Container\\BoundMethod::callBoundMethod(Object(Illuminate\\Foundation\\Application), Array, Object(Closure))
#17 /Users/sumankhadka/Documents/Works/Beema Samadhan/vendor/laravel/framework/src/Illuminate/Container/Container.php(694): Illuminate\\Container\\BoundMethod::call(Object(Illuminate\\Foundation\\Application), Array, Array, NULL)
#18 /Users/sumankhadka/Documents/Works/Beema Samadhan/vendor/laravel/framework/src/Illuminate/Foundation/Application.php(1147): Illuminate\\Container\\Container->call(Array)
#19 /Users/sumankhadka/Documents/Works/Beema Samadhan/vendor/laravel/framework/src/Illuminate/Foundation/Application.php(1128): Illuminate\\Foundation\\Application->bootProvider(Object(Laravel\\Sanctum\\SanctumServiceProvider))
#20 [internal function]: Illuminate\\Foundation\\Application->Illuminate\\Foundation\\{closure}(Object(Laravel\\Sanctum\\SanctumServiceProvider), 'Laravel\\\\Sanctum...')
#21 /Users/sumankhadka/Documents/Works/Beema Samadhan/vendor/laravel/framework/src/Illuminate/Foundation/Application.php(1127): array_walk(Array, Object(Closure))
#22 /Users/sumankhadka/Documents/Works/Beema Samadhan/vendor/laravel/framework/src/Illuminate/Foundation/Bootstrap/BootProviders.php(17): Illuminate\\Foundation\\Application->boot()
#23 /Users/sumankhadka/Documents/Works/Beema Samadhan/vendor/laravel/framework/src/Illuminate/Foundation/Application.php(342): Illuminate\\Foundation\\Bootstrap\\BootProviders->bootstrap(Object(Illuminate\\Foundation\\Application))
#24 /Users/sumankhadka/Documents/Works/Beema Samadhan/vendor/laravel/framework/src/Illuminate/Foundation/Console/Kernel.php(474): Illuminate\\Foundation\\Application->bootstrapWith(Array)
#25 /Users/sumankhadka/Documents/Works/Beema Samadhan/vendor/laravel/framework/src/Illuminate/Foundation/Console/Kernel.php(196): Illuminate\\Foundation\\Console\\Kernel->bootstrap()
#26 Command line code(1): Illuminate\\Foundation\\Console\\Kernel->handle(Object(Symfony\\Component\\Console\\Input\\ArgvInput), Object(Symfony\\Component\\Console\\Output\\ConsoleOutput))
#27 {main}
"} 
[2025-03-27 10:37:26] local.ERROR: syntax error, unexpected single-quoted string "api", expecting "function" {"exception":"[object] (ParseError(code: 0): syntax error, unexpected single-quoted string \"api\", expecting \"function\" at /Users/sumankhadka/Documents/Works/Beema Samadhan/app/Http/Kernel.php:68)
[stacktrace]
#0 /Users/sumankhadka/Documents/Works/Beema Samadhan/vendor/composer/ClassLoader.php(427): Composer\\Autoload\\{closure}('/Users/sumankha...')
#1 [internal function]: Composer\\Autoload\\ClassLoader->loadClass('App\\\\Http\\\\Kernel')
#2 /Users/sumankhadka/Documents/Works/Beema Samadhan/vendor/laravel/framework/src/Illuminate/Container/Container.php(944): ReflectionClass->__construct('App\\\\Http\\\\Kernel')
#3 /Users/sumankhadka/Documents/Works/Beema Samadhan/vendor/laravel/framework/src/Illuminate/Container/Container.php(819): Illuminate\\Container\\Container->build('App\\\\Http\\\\Kernel')
#4 /Users/sumankhadka/Documents/Works/Beema Samadhan/vendor/laravel/framework/src/Illuminate/Foundation/Application.php(1074): Illuminate\\Container\\Container->resolve('App\\\\Http\\\\Kernel', Array, false)
#5 /Users/sumankhadka/Documents/Works/Beema Samadhan/vendor/laravel/framework/src/Illuminate/Container/Container.php(324): Illuminate\\Foundation\\Application->resolve('App\\\\Http\\\\Kernel', Array, false)
#6 /Users/sumankhadka/Documents/Works/Beema Samadhan/vendor/laravel/framework/src/Illuminate/Container/Container.php(937): Illuminate\\Container\\Container->Illuminate\\Container\\{closure}(Object(Illuminate\\Foundation\\Application), Array)
#7 /Users/sumankhadka/Documents/Works/Beema Samadhan/vendor/laravel/framework/src/Illuminate/Container/Container.php(819): Illuminate\\Container\\Container->build(Object(Closure))
#8 /Users/sumankhadka/Documents/Works/Beema Samadhan/vendor/laravel/framework/src/Illuminate/Foundation/Application.php(1074): Illuminate\\Container\\Container->resolve('Illuminate\\\\Cont...', Array, true)
#9 /Users/sumankhadka/Documents/Works/Beema Samadhan/vendor/laravel/framework/src/Illuminate/Container/Container.php(755): Illuminate\\Foundation\\Application->resolve('Illuminate\\\\Cont...', Array)
#10 /Users/sumankhadka/Documents/Works/Beema Samadhan/vendor/laravel/framework/src/Illuminate/Foundation/Application.php(1056): Illuminate\\Container\\Container->make('Illuminate\\\\Cont...', Array)
#11 /Users/sumankhadka/Documents/Works/Beema Samadhan/vendor/laravel/sanctum/src/SanctumServiceProvider.php(119): Illuminate\\Foundation\\Application->make('Illuminate\\\\Cont...')
#12 /Users/sumankhadka/Documents/Works/Beema Samadhan/vendor/laravel/sanctum/src/SanctumServiceProvider.php(58): Laravel\\Sanctum\\SanctumServiceProvider->configureMiddleware()
#13 /Users/sumankhadka/Documents/Works/Beema Samadhan/vendor/laravel/framework/src/Illuminate/Container/BoundMethod.php(36): Laravel\\Sanctum\\SanctumServiceProvider->boot()
#14 /Users/sumankhadka/Documents/Works/Beema Samadhan/vendor/laravel/framework/src/Illuminate/Container/Util.php(43): Illuminate\\Container\\BoundMethod::Illuminate\\Container\\{closure}()
#15 /Users/sumankhadka/Documents/Works/Beema Samadhan/vendor/laravel/framework/src/Illuminate/Container/BoundMethod.php(95): Illuminate\\Container\\Util::unwrapIfClosure(Object(Closure))
#16 /Users/sumankhadka/Documents/Works/Beema Samadhan/vendor/laravel/framework/src/Illuminate/Container/BoundMethod.php(35): Illuminate\\Container\\BoundMethod::callBoundMethod(Object(Illuminate\\Foundation\\Application), Array, Object(Closure))
#17 /Users/sumankhadka/Documents/Works/Beema Samadhan/vendor/laravel/framework/src/Illuminate/Container/Container.php(694): Illuminate\\Container\\BoundMethod::call(Object(Illuminate\\Foundation\\Application), Array, Array, NULL)
#18 /Users/sumankhadka/Documents/Works/Beema Samadhan/vendor/laravel/framework/src/Illuminate/Foundation/Application.php(1147): Illuminate\\Container\\Container->call(Array)
#19 /Users/sumankhadka/Documents/Works/Beema Samadhan/vendor/laravel/framework/src/Illuminate/Foundation/Application.php(1128): Illuminate\\Foundation\\Application->bootProvider(Object(Laravel\\Sanctum\\SanctumServiceProvider))
#20 [internal function]: Illuminate\\Foundation\\Application->Illuminate\\Foundation\\{closure}(Object(Laravel\\Sanctum\\SanctumServiceProvider), 'Laravel\\\\Sanctum...')
#21 /Users/sumankhadka/Documents/Works/Beema Samadhan/vendor/laravel/framework/src/Illuminate/Foundation/Application.php(1127): array_walk(Array, Object(Closure))
#22 /Users/sumankhadka/Documents/Works/Beema Samadhan/vendor/laravel/framework/src/Illuminate/Foundation/Bootstrap/BootProviders.php(17): Illuminate\\Foundation\\Application->boot()
#23 /Users/sumankhadka/Documents/Works/Beema Samadhan/vendor/laravel/framework/src/Illuminate/Foundation/Application.php(342): Illuminate\\Foundation\\Bootstrap\\BootProviders->bootstrap(Object(Illuminate\\Foundation\\Application))
#24 /Users/sumankhadka/Documents/Works/Beema Samadhan/vendor/laravel/framework/src/Illuminate/Foundation/Console/Kernel.php(474): Illuminate\\Foundation\\Application->bootstrapWith(Array)
#25 /Users/sumankhadka/Documents/Works/Beema Samadhan/vendor/laravel/framework/src/Illuminate/Foundation/Console/Kernel.php(196): Illuminate\\Foundation\\Console\\Kernel->bootstrap()
#26 Command line code(1): Illuminate\\Foundation\\Console\\Kernel->handle(Object(Symfony\\Component\\Console\\Input\\ArgvInput), Object(Symfony\\Component\\Console\\Output\\ConsoleOutput))
#27 {main}
"} 
[2025-03-27 10:37:30] local.ERROR: syntax error, unexpected single-quoted string "api", expecting "function" {"exception":"[object] (ParseError(code: 0): syntax error, unexpected single-quoted string \"api\", expecting \"function\" at /Users/sumankhadka/Documents/Works/Beema Samadhan/app/Http/Kernel.php:68)
[stacktrace]
#0 /Users/sumankhadka/Documents/Works/Beema Samadhan/vendor/composer/ClassLoader.php(427): Composer\\Autoload\\{closure}('/Users/sumankha...')
#1 [internal function]: Composer\\Autoload\\ClassLoader->loadClass('App\\\\Http\\\\Kernel')
#2 /Users/sumankhadka/Documents/Works/Beema Samadhan/vendor/laravel/framework/src/Illuminate/Container/Container.php(944): ReflectionClass->__construct('App\\\\Http\\\\Kernel')
#3 /Users/sumankhadka/Documents/Works/Beema Samadhan/vendor/laravel/framework/src/Illuminate/Container/Container.php(819): Illuminate\\Container\\Container->build('App\\\\Http\\\\Kernel')
#4 /Users/sumankhadka/Documents/Works/Beema Samadhan/vendor/laravel/framework/src/Illuminate/Foundation/Application.php(1074): Illuminate\\Container\\Container->resolve('App\\\\Http\\\\Kernel', Array, false)
#5 /Users/sumankhadka/Documents/Works/Beema Samadhan/vendor/laravel/framework/src/Illuminate/Container/Container.php(324): Illuminate\\Foundation\\Application->resolve('App\\\\Http\\\\Kernel', Array, false)
#6 /Users/sumankhadka/Documents/Works/Beema Samadhan/vendor/laravel/framework/src/Illuminate/Container/Container.php(937): Illuminate\\Container\\Container->Illuminate\\Container\\{closure}(Object(Illuminate\\Foundation\\Application), Array)
#7 /Users/sumankhadka/Documents/Works/Beema Samadhan/vendor/laravel/framework/src/Illuminate/Container/Container.php(819): Illuminate\\Container\\Container->build(Object(Closure))
#8 /Users/sumankhadka/Documents/Works/Beema Samadhan/vendor/laravel/framework/src/Illuminate/Foundation/Application.php(1074): Illuminate\\Container\\Container->resolve('Illuminate\\\\Cont...', Array, true)
#9 /Users/sumankhadka/Documents/Works/Beema Samadhan/vendor/laravel/framework/src/Illuminate/Container/Container.php(755): Illuminate\\Foundation\\Application->resolve('Illuminate\\\\Cont...', Array)
#10 /Users/sumankhadka/Documents/Works/Beema Samadhan/vendor/laravel/framework/src/Illuminate/Foundation/Application.php(1056): Illuminate\\Container\\Container->make('Illuminate\\\\Cont...', Array)
#11 /Users/sumankhadka/Documents/Works/Beema Samadhan/vendor/laravel/sanctum/src/SanctumServiceProvider.php(119): Illuminate\\Foundation\\Application->make('Illuminate\\\\Cont...')
#12 /Users/sumankhadka/Documents/Works/Beema Samadhan/vendor/laravel/sanctum/src/SanctumServiceProvider.php(58): Laravel\\Sanctum\\SanctumServiceProvider->configureMiddleware()
#13 /Users/sumankhadka/Documents/Works/Beema Samadhan/vendor/laravel/framework/src/Illuminate/Container/BoundMethod.php(36): Laravel\\Sanctum\\SanctumServiceProvider->boot()
#14 /Users/sumankhadka/Documents/Works/Beema Samadhan/vendor/laravel/framework/src/Illuminate/Container/Util.php(43): Illuminate\\Container\\BoundMethod::Illuminate\\Container\\{closure}()
#15 /Users/sumankhadka/Documents/Works/Beema Samadhan/vendor/laravel/framework/src/Illuminate/Container/BoundMethod.php(95): Illuminate\\Container\\Util::unwrapIfClosure(Object(Closure))
#16 /Users/sumankhadka/Documents/Works/Beema Samadhan/vendor/laravel/framework/src/Illuminate/Container/BoundMethod.php(35): Illuminate\\Container\\BoundMethod::callBoundMethod(Object(Illuminate\\Foundation\\Application), Array, Object(Closure))
#17 /Users/sumankhadka/Documents/Works/Beema Samadhan/vendor/laravel/framework/src/Illuminate/Container/Container.php(694): Illuminate\\Container\\BoundMethod::call(Object(Illuminate\\Foundation\\Application), Array, Array, NULL)
#18 /Users/sumankhadka/Documents/Works/Beema Samadhan/vendor/laravel/framework/src/Illuminate/Foundation/Application.php(1147): Illuminate\\Container\\Container->call(Array)
#19 /Users/sumankhadka/Documents/Works/Beema Samadhan/vendor/laravel/framework/src/Illuminate/Foundation/Application.php(1128): Illuminate\\Foundation\\Application->bootProvider(Object(Laravel\\Sanctum\\SanctumServiceProvider))
#20 [internal function]: Illuminate\\Foundation\\Application->Illuminate\\Foundation\\{closure}(Object(Laravel\\Sanctum\\SanctumServiceProvider), 'Laravel\\\\Sanctum...')
#21 /Users/sumankhadka/Documents/Works/Beema Samadhan/vendor/laravel/framework/src/Illuminate/Foundation/Application.php(1127): array_walk(Array, Object(Closure))
#22 /Users/sumankhadka/Documents/Works/Beema Samadhan/vendor/laravel/framework/src/Illuminate/Foundation/Bootstrap/BootProviders.php(17): Illuminate\\Foundation\\Application->boot()
#23 /Users/sumankhadka/Documents/Works/Beema Samadhan/vendor/laravel/framework/src/Illuminate/Foundation/Application.php(342): Illuminate\\Foundation\\Bootstrap\\BootProviders->bootstrap(Object(Illuminate\\Foundation\\Application))
#24 /Users/sumankhadka/Documents/Works/Beema Samadhan/vendor/laravel/framework/src/Illuminate/Foundation/Console/Kernel.php(474): Illuminate\\Foundation\\Application->bootstrapWith(Array)
#25 /Users/sumankhadka/Documents/Works/Beema Samadhan/vendor/laravel/framework/src/Illuminate/Foundation/Console/Kernel.php(196): Illuminate\\Foundation\\Console\\Kernel->bootstrap()
#26 Command line code(1): Illuminate\\Foundation\\Console\\Kernel->handle(Object(Symfony\\Component\\Console\\Input\\ArgvInput), Object(Symfony\\Component\\Console\\Output\\ConsoleOutput))
#27 {main}
"} 
[2025-03-27 10:37:30] local.ERROR: syntax error, unexpected single-quoted string "api", expecting "function" {"exception":"[object] (ParseError(code: 0): syntax error, unexpected single-quoted string \"api\", expecting \"function\" at /Users/sumankhadka/Documents/Works/Beema Samadhan/app/Http/Kernel.php:68)
[stacktrace]
#0 /Users/sumankhadka/Documents/Works/Beema Samadhan/vendor/composer/ClassLoader.php(427): Composer\\Autoload\\{closure}('/Users/sumankha...')
#1 [internal function]: Composer\\Autoload\\ClassLoader->loadClass('App\\\\Http\\\\Kernel')
#2 /Users/sumankhadka/Documents/Works/Beema Samadhan/vendor/laravel/framework/src/Illuminate/Container/Container.php(944): ReflectionClass->__construct('App\\\\Http\\\\Kernel')
#3 /Users/sumankhadka/Documents/Works/Beema Samadhan/vendor/laravel/framework/src/Illuminate/Container/Container.php(819): Illuminate\\Container\\Container->build('App\\\\Http\\\\Kernel')
#4 /Users/sumankhadka/Documents/Works/Beema Samadhan/vendor/laravel/framework/src/Illuminate/Foundation/Application.php(1074): Illuminate\\Container\\Container->resolve('App\\\\Http\\\\Kernel', Array, false)
#5 /Users/sumankhadka/Documents/Works/Beema Samadhan/vendor/laravel/framework/src/Illuminate/Container/Container.php(324): Illuminate\\Foundation\\Application->resolve('App\\\\Http\\\\Kernel', Array, false)
#6 /Users/sumankhadka/Documents/Works/Beema Samadhan/vendor/laravel/framework/src/Illuminate/Container/Container.php(937): Illuminate\\Container\\Container->Illuminate\\Container\\{closure}(Object(Illuminate\\Foundation\\Application), Array)
#7 /Users/sumankhadka/Documents/Works/Beema Samadhan/vendor/laravel/framework/src/Illuminate/Container/Container.php(819): Illuminate\\Container\\Container->build(Object(Closure))
#8 /Users/sumankhadka/Documents/Works/Beema Samadhan/vendor/laravel/framework/src/Illuminate/Foundation/Application.php(1074): Illuminate\\Container\\Container->resolve('Illuminate\\\\Cont...', Array, true)
#9 /Users/sumankhadka/Documents/Works/Beema Samadhan/vendor/laravel/framework/src/Illuminate/Container/Container.php(755): Illuminate\\Foundation\\Application->resolve('Illuminate\\\\Cont...', Array)
#10 /Users/sumankhadka/Documents/Works/Beema Samadhan/vendor/laravel/framework/src/Illuminate/Foundation/Application.php(1056): Illuminate\\Container\\Container->make('Illuminate\\\\Cont...', Array)
#11 /Users/sumankhadka/Documents/Works/Beema Samadhan/vendor/laravel/sanctum/src/SanctumServiceProvider.php(119): Illuminate\\Foundation\\Application->make('Illuminate\\\\Cont...')
#12 /Users/sumankhadka/Documents/Works/Beema Samadhan/vendor/laravel/sanctum/src/SanctumServiceProvider.php(58): Laravel\\Sanctum\\SanctumServiceProvider->configureMiddleware()
#13 /Users/sumankhadka/Documents/Works/Beema Samadhan/vendor/laravel/framework/src/Illuminate/Container/BoundMethod.php(36): Laravel\\Sanctum\\SanctumServiceProvider->boot()
#14 /Users/sumankhadka/Documents/Works/Beema Samadhan/vendor/laravel/framework/src/Illuminate/Container/Util.php(43): Illuminate\\Container\\BoundMethod::Illuminate\\Container\\{closure}()
#15 /Users/sumankhadka/Documents/Works/Beema Samadhan/vendor/laravel/framework/src/Illuminate/Container/BoundMethod.php(95): Illuminate\\Container\\Util::unwrapIfClosure(Object(Closure))
#16 /Users/sumankhadka/Documents/Works/Beema Samadhan/vendor/laravel/framework/src/Illuminate/Container/BoundMethod.php(35): Illuminate\\Container\\BoundMethod::callBoundMethod(Object(Illuminate\\Foundation\\Application), Array, Object(Closure))
#17 /Users/sumankhadka/Documents/Works/Beema Samadhan/vendor/laravel/framework/src/Illuminate/Container/Container.php(694): Illuminate\\Container\\BoundMethod::call(Object(Illuminate\\Foundation\\Application), Array, Array, NULL)
#18 /Users/sumankhadka/Documents/Works/Beema Samadhan/vendor/laravel/framework/src/Illuminate/Foundation/Application.php(1147): Illuminate\\Container\\Container->call(Array)
#19 /Users/sumankhadka/Documents/Works/Beema Samadhan/vendor/laravel/framework/src/Illuminate/Foundation/Application.php(1128): Illuminate\\Foundation\\Application->bootProvider(Object(Laravel\\Sanctum\\SanctumServiceProvider))
#20 [internal function]: Illuminate\\Foundation\\Application->Illuminate\\Foundation\\{closure}(Object(Laravel\\Sanctum\\SanctumServiceProvider), 'Laravel\\\\Sanctum...')
#21 /Users/sumankhadka/Documents/Works/Beema Samadhan/vendor/laravel/framework/src/Illuminate/Foundation/Application.php(1127): array_walk(Array, Object(Closure))
#22 /Users/sumankhadka/Documents/Works/Beema Samadhan/vendor/laravel/framework/src/Illuminate/Foundation/Bootstrap/BootProviders.php(17): Illuminate\\Foundation\\Application->boot()
#23 /Users/sumankhadka/Documents/Works/Beema Samadhan/vendor/laravel/framework/src/Illuminate/Foundation/Application.php(342): Illuminate\\Foundation\\Bootstrap\\BootProviders->bootstrap(Object(Illuminate\\Foundation\\Application))
#24 /Users/sumankhadka/Documents/Works/Beema Samadhan/vendor/laravel/framework/src/Illuminate/Foundation/Console/Kernel.php(474): Illuminate\\Foundation\\Application->bootstrapWith(Array)
#25 /Users/sumankhadka/Documents/Works/Beema Samadhan/vendor/laravel/framework/src/Illuminate/Foundation/Console/Kernel.php(196): Illuminate\\Foundation\\Console\\Kernel->bootstrap()
#26 Command line code(1): Illuminate\\Foundation\\Console\\Kernel->handle(Object(Symfony\\Component\\Console\\Input\\ArgvInput), Object(Symfony\\Component\\Console\\Output\\ConsoleOutput))
#27 {main}
"} 
[2025-03-27 10:37:31] local.ERROR: syntax error, unexpected single-quoted string "api", expecting "function" {"exception":"[object] (ParseError(code: 0): syntax error, unexpected single-quoted string \"api\", expecting \"function\" at /Users/sumankhadka/Documents/Works/Beema Samadhan/app/Http/Kernel.php:68)
[stacktrace]
#0 /Users/sumankhadka/Documents/Works/Beema Samadhan/vendor/composer/ClassLoader.php(427): Composer\\Autoload\\{closure}('/Users/sumankha...')
#1 [internal function]: Composer\\Autoload\\ClassLoader->loadClass('App\\\\Http\\\\Kernel')
#2 /Users/sumankhadka/Documents/Works/Beema Samadhan/vendor/laravel/framework/src/Illuminate/Container/Container.php(944): ReflectionClass->__construct('App\\\\Http\\\\Kernel')
#3 /Users/sumankhadka/Documents/Works/Beema Samadhan/vendor/laravel/framework/src/Illuminate/Container/Container.php(819): Illuminate\\Container\\Container->build('App\\\\Http\\\\Kernel')
#4 /Users/sumankhadka/Documents/Works/Beema Samadhan/vendor/laravel/framework/src/Illuminate/Foundation/Application.php(1074): Illuminate\\Container\\Container->resolve('App\\\\Http\\\\Kernel', Array, false)
#5 /Users/sumankhadka/Documents/Works/Beema Samadhan/vendor/laravel/framework/src/Illuminate/Container/Container.php(324): Illuminate\\Foundation\\Application->resolve('App\\\\Http\\\\Kernel', Array, false)
#6 /Users/sumankhadka/Documents/Works/Beema Samadhan/vendor/laravel/framework/src/Illuminate/Container/Container.php(937): Illuminate\\Container\\Container->Illuminate\\Container\\{closure}(Object(Illuminate\\Foundation\\Application), Array)
#7 /Users/sumankhadka/Documents/Works/Beema Samadhan/vendor/laravel/framework/src/Illuminate/Container/Container.php(819): Illuminate\\Container\\Container->build(Object(Closure))
#8 /Users/sumankhadka/Documents/Works/Beema Samadhan/vendor/laravel/framework/src/Illuminate/Foundation/Application.php(1074): Illuminate\\Container\\Container->resolve('Illuminate\\\\Cont...', Array, true)
#9 /Users/sumankhadka/Documents/Works/Beema Samadhan/vendor/laravel/framework/src/Illuminate/Container/Container.php(755): Illuminate\\Foundation\\Application->resolve('Illuminate\\\\Cont...', Array)
#10 /Users/sumankhadka/Documents/Works/Beema Samadhan/vendor/laravel/framework/src/Illuminate/Foundation/Application.php(1056): Illuminate\\Container\\Container->make('Illuminate\\\\Cont...', Array)
#11 /Users/sumankhadka/Documents/Works/Beema Samadhan/vendor/laravel/sanctum/src/SanctumServiceProvider.php(119): Illuminate\\Foundation\\Application->make('Illuminate\\\\Cont...')
#12 /Users/sumankhadka/Documents/Works/Beema Samadhan/vendor/laravel/sanctum/src/SanctumServiceProvider.php(58): Laravel\\Sanctum\\SanctumServiceProvider->configureMiddleware()
#13 /Users/sumankhadka/Documents/Works/Beema Samadhan/vendor/laravel/framework/src/Illuminate/Container/BoundMethod.php(36): Laravel\\Sanctum\\SanctumServiceProvider->boot()
#14 /Users/sumankhadka/Documents/Works/Beema Samadhan/vendor/laravel/framework/src/Illuminate/Container/Util.php(43): Illuminate\\Container\\BoundMethod::Illuminate\\Container\\{closure}()
#15 /Users/sumankhadka/Documents/Works/Beema Samadhan/vendor/laravel/framework/src/Illuminate/Container/BoundMethod.php(95): Illuminate\\Container\\Util::unwrapIfClosure(Object(Closure))
#16 /Users/sumankhadka/Documents/Works/Beema Samadhan/vendor/laravel/framework/src/Illuminate/Container/BoundMethod.php(35): Illuminate\\Container\\BoundMethod::callBoundMethod(Object(Illuminate\\Foundation\\Application), Array, Object(Closure))
#17 /Users/sumankhadka/Documents/Works/Beema Samadhan/vendor/laravel/framework/src/Illuminate/Container/Container.php(694): Illuminate\\Container\\BoundMethod::call(Object(Illuminate\\Foundation\\Application), Array, Array, NULL)
#18 /Users/sumankhadka/Documents/Works/Beema Samadhan/vendor/laravel/framework/src/Illuminate/Foundation/Application.php(1147): Illuminate\\Container\\Container->call(Array)
#19 /Users/sumankhadka/Documents/Works/Beema Samadhan/vendor/laravel/framework/src/Illuminate/Foundation/Application.php(1128): Illuminate\\Foundation\\Application->bootProvider(Object(Laravel\\Sanctum\\SanctumServiceProvider))
#20 [internal function]: Illuminate\\Foundation\\Application->Illuminate\\Foundation\\{closure}(Object(Laravel\\Sanctum\\SanctumServiceProvider), 'Laravel\\\\Sanctum...')
#21 /Users/sumankhadka/Documents/Works/Beema Samadhan/vendor/laravel/framework/src/Illuminate/Foundation/Application.php(1127): array_walk(Array, Object(Closure))
#22 /Users/sumankhadka/Documents/Works/Beema Samadhan/vendor/laravel/framework/src/Illuminate/Foundation/Bootstrap/BootProviders.php(17): Illuminate\\Foundation\\Application->boot()
#23 /Users/sumankhadka/Documents/Works/Beema Samadhan/vendor/laravel/framework/src/Illuminate/Foundation/Application.php(342): Illuminate\\Foundation\\Bootstrap\\BootProviders->bootstrap(Object(Illuminate\\Foundation\\Application))
#24 /Users/sumankhadka/Documents/Works/Beema Samadhan/vendor/laravel/framework/src/Illuminate/Foundation/Console/Kernel.php(474): Illuminate\\Foundation\\Application->bootstrapWith(Array)
#25 /Users/sumankhadka/Documents/Works/Beema Samadhan/vendor/laravel/framework/src/Illuminate/Foundation/Console/Kernel.php(196): Illuminate\\Foundation\\Console\\Kernel->bootstrap()
#26 Command line code(1): Illuminate\\Foundation\\Console\\Kernel->handle(Object(Symfony\\Component\\Console\\Input\\ArgvInput), Object(Symfony\\Component\\Console\\Output\\ConsoleOutput))
#27 {main}
"} 
[2025-03-27 10:37:36] local.ERROR: syntax error, unexpected single-quoted string "api", expecting "function" {"exception":"[object] (ParseError(code: 0): syntax error, unexpected single-quoted string \"api\", expecting \"function\" at /Users/sumankhadka/Documents/Works/Beema Samadhan/app/Http/Kernel.php:68)
[stacktrace]
#0 /Users/sumankhadka/Documents/Works/Beema Samadhan/vendor/composer/ClassLoader.php(427): Composer\\Autoload\\{closure}('/Users/sumankha...')
#1 [internal function]: Composer\\Autoload\\ClassLoader->loadClass('App\\\\Http\\\\Kernel')
#2 /Users/sumankhadka/Documents/Works/Beema Samadhan/vendor/laravel/framework/src/Illuminate/Container/Container.php(944): ReflectionClass->__construct('App\\\\Http\\\\Kernel')
#3 /Users/sumankhadka/Documents/Works/Beema Samadhan/vendor/laravel/framework/src/Illuminate/Container/Container.php(819): Illuminate\\Container\\Container->build('App\\\\Http\\\\Kernel')
#4 /Users/sumankhadka/Documents/Works/Beema Samadhan/vendor/laravel/framework/src/Illuminate/Foundation/Application.php(1074): Illuminate\\Container\\Container->resolve('App\\\\Http\\\\Kernel', Array, false)
#5 /Users/sumankhadka/Documents/Works/Beema Samadhan/vendor/laravel/framework/src/Illuminate/Container/Container.php(324): Illuminate\\Foundation\\Application->resolve('App\\\\Http\\\\Kernel', Array, false)
#6 /Users/sumankhadka/Documents/Works/Beema Samadhan/vendor/laravel/framework/src/Illuminate/Container/Container.php(937): Illuminate\\Container\\Container->Illuminate\\Container\\{closure}(Object(Illuminate\\Foundation\\Application), Array)
#7 /Users/sumankhadka/Documents/Works/Beema Samadhan/vendor/laravel/framework/src/Illuminate/Container/Container.php(819): Illuminate\\Container\\Container->build(Object(Closure))
#8 /Users/sumankhadka/Documents/Works/Beema Samadhan/vendor/laravel/framework/src/Illuminate/Foundation/Application.php(1074): Illuminate\\Container\\Container->resolve('Illuminate\\\\Cont...', Array, true)
#9 /Users/sumankhadka/Documents/Works/Beema Samadhan/vendor/laravel/framework/src/Illuminate/Container/Container.php(755): Illuminate\\Foundation\\Application->resolve('Illuminate\\\\Cont...', Array)
#10 /Users/sumankhadka/Documents/Works/Beema Samadhan/vendor/laravel/framework/src/Illuminate/Foundation/Application.php(1056): Illuminate\\Container\\Container->make('Illuminate\\\\Cont...', Array)
#11 /Users/sumankhadka/Documents/Works/Beema Samadhan/vendor/laravel/sanctum/src/SanctumServiceProvider.php(119): Illuminate\\Foundation\\Application->make('Illuminate\\\\Cont...')
#12 /Users/sumankhadka/Documents/Works/Beema Samadhan/vendor/laravel/sanctum/src/SanctumServiceProvider.php(58): Laravel\\Sanctum\\SanctumServiceProvider->configureMiddleware()
#13 /Users/sumankhadka/Documents/Works/Beema Samadhan/vendor/laravel/framework/src/Illuminate/Container/BoundMethod.php(36): Laravel\\Sanctum\\SanctumServiceProvider->boot()
#14 /Users/sumankhadka/Documents/Works/Beema Samadhan/vendor/laravel/framework/src/Illuminate/Container/Util.php(43): Illuminate\\Container\\BoundMethod::Illuminate\\Container\\{closure}()
#15 /Users/sumankhadka/Documents/Works/Beema Samadhan/vendor/laravel/framework/src/Illuminate/Container/BoundMethod.php(95): Illuminate\\Container\\Util::unwrapIfClosure(Object(Closure))
#16 /Users/sumankhadka/Documents/Works/Beema Samadhan/vendor/laravel/framework/src/Illuminate/Container/BoundMethod.php(35): Illuminate\\Container\\BoundMethod::callBoundMethod(Object(Illuminate\\Foundation\\Application), Array, Object(Closure))
#17 /Users/sumankhadka/Documents/Works/Beema Samadhan/vendor/laravel/framework/src/Illuminate/Container/Container.php(694): Illuminate\\Container\\BoundMethod::call(Object(Illuminate\\Foundation\\Application), Array, Array, NULL)
#18 /Users/sumankhadka/Documents/Works/Beema Samadhan/vendor/laravel/framework/src/Illuminate/Foundation/Application.php(1147): Illuminate\\Container\\Container->call(Array)
#19 /Users/sumankhadka/Documents/Works/Beema Samadhan/vendor/laravel/framework/src/Illuminate/Foundation/Application.php(1128): Illuminate\\Foundation\\Application->bootProvider(Object(Laravel\\Sanctum\\SanctumServiceProvider))
#20 [internal function]: Illuminate\\Foundation\\Application->Illuminate\\Foundation\\{closure}(Object(Laravel\\Sanctum\\SanctumServiceProvider), 'Laravel\\\\Sanctum...')
#21 /Users/sumankhadka/Documents/Works/Beema Samadhan/vendor/laravel/framework/src/Illuminate/Foundation/Application.php(1127): array_walk(Array, Object(Closure))
#22 /Users/sumankhadka/Documents/Works/Beema Samadhan/vendor/laravel/framework/src/Illuminate/Foundation/Bootstrap/BootProviders.php(17): Illuminate\\Foundation\\Application->boot()
#23 /Users/sumankhadka/Documents/Works/Beema Samadhan/vendor/laravel/framework/src/Illuminate/Foundation/Application.php(342): Illuminate\\Foundation\\Bootstrap\\BootProviders->bootstrap(Object(Illuminate\\Foundation\\Application))
#24 /Users/sumankhadka/Documents/Works/Beema Samadhan/vendor/laravel/framework/src/Illuminate/Foundation/Console/Kernel.php(474): Illuminate\\Foundation\\Application->bootstrapWith(Array)
#25 /Users/sumankhadka/Documents/Works/Beema Samadhan/vendor/laravel/framework/src/Illuminate/Foundation/Console/Kernel.php(196): Illuminate\\Foundation\\Console\\Kernel->bootstrap()
#26 Command line code(1): Illuminate\\Foundation\\Console\\Kernel->handle(Object(Symfony\\Component\\Console\\Input\\ArgvInput), Object(Symfony\\Component\\Console\\Output\\ConsoleOutput))
#27 {main}
"} 
[2025-03-27 10:37:41] local.ERROR: syntax error, unexpected single-quoted string "api", expecting "function" {"exception":"[object] (ParseError(code: 0): syntax error, unexpected single-quoted string \"api\", expecting \"function\" at /Users/sumankhadka/Documents/Works/Beema Samadhan/app/Http/Kernel.php:68)
[stacktrace]
#0 /Users/sumankhadka/Documents/Works/Beema Samadhan/vendor/composer/ClassLoader.php(427): Composer\\Autoload\\{closure}('/Users/sumankha...')
#1 [internal function]: Composer\\Autoload\\ClassLoader->loadClass('App\\\\Http\\\\Kernel')
#2 /Users/sumankhadka/Documents/Works/Beema Samadhan/vendor/laravel/framework/src/Illuminate/Container/Container.php(944): ReflectionClass->__construct('App\\\\Http\\\\Kernel')
#3 /Users/sumankhadka/Documents/Works/Beema Samadhan/vendor/laravel/framework/src/Illuminate/Container/Container.php(819): Illuminate\\Container\\Container->build('App\\\\Http\\\\Kernel')
#4 /Users/sumankhadka/Documents/Works/Beema Samadhan/vendor/laravel/framework/src/Illuminate/Foundation/Application.php(1074): Illuminate\\Container\\Container->resolve('App\\\\Http\\\\Kernel', Array, false)
#5 /Users/sumankhadka/Documents/Works/Beema Samadhan/vendor/laravel/framework/src/Illuminate/Container/Container.php(324): Illuminate\\Foundation\\Application->resolve('App\\\\Http\\\\Kernel', Array, false)
#6 /Users/sumankhadka/Documents/Works/Beema Samadhan/vendor/laravel/framework/src/Illuminate/Container/Container.php(937): Illuminate\\Container\\Container->Illuminate\\Container\\{closure}(Object(Illuminate\\Foundation\\Application), Array)
#7 /Users/sumankhadka/Documents/Works/Beema Samadhan/vendor/laravel/framework/src/Illuminate/Container/Container.php(819): Illuminate\\Container\\Container->build(Object(Closure))
#8 /Users/sumankhadka/Documents/Works/Beema Samadhan/vendor/laravel/framework/src/Illuminate/Foundation/Application.php(1074): Illuminate\\Container\\Container->resolve('Illuminate\\\\Cont...', Array, true)
#9 /Users/sumankhadka/Documents/Works/Beema Samadhan/vendor/laravel/framework/src/Illuminate/Container/Container.php(755): Illuminate\\Foundation\\Application->resolve('Illuminate\\\\Cont...', Array)
#10 /Users/sumankhadka/Documents/Works/Beema Samadhan/vendor/laravel/framework/src/Illuminate/Foundation/Application.php(1056): Illuminate\\Container\\Container->make('Illuminate\\\\Cont...', Array)
#11 /Users/sumankhadka/Documents/Works/Beema Samadhan/vendor/laravel/sanctum/src/SanctumServiceProvider.php(119): Illuminate\\Foundation\\Application->make('Illuminate\\\\Cont...')
#12 /Users/sumankhadka/Documents/Works/Beema Samadhan/vendor/laravel/sanctum/src/SanctumServiceProvider.php(58): Laravel\\Sanctum\\SanctumServiceProvider->configureMiddleware()
#13 /Users/sumankhadka/Documents/Works/Beema Samadhan/vendor/laravel/framework/src/Illuminate/Container/BoundMethod.php(36): Laravel\\Sanctum\\SanctumServiceProvider->boot()
#14 /Users/sumankhadka/Documents/Works/Beema Samadhan/vendor/laravel/framework/src/Illuminate/Container/Util.php(43): Illuminate\\Container\\BoundMethod::Illuminate\\Container\\{closure}()
#15 /Users/sumankhadka/Documents/Works/Beema Samadhan/vendor/laravel/framework/src/Illuminate/Container/BoundMethod.php(95): Illuminate\\Container\\Util::unwrapIfClosure(Object(Closure))
#16 /Users/sumankhadka/Documents/Works/Beema Samadhan/vendor/laravel/framework/src/Illuminate/Container/BoundMethod.php(35): Illuminate\\Container\\BoundMethod::callBoundMethod(Object(Illuminate\\Foundation\\Application), Array, Object(Closure))
#17 /Users/sumankhadka/Documents/Works/Beema Samadhan/vendor/laravel/framework/src/Illuminate/Container/Container.php(694): Illuminate\\Container\\BoundMethod::call(Object(Illuminate\\Foundation\\Application), Array, Array, NULL)
#18 /Users/sumankhadka/Documents/Works/Beema Samadhan/vendor/laravel/framework/src/Illuminate/Foundation/Application.php(1147): Illuminate\\Container\\Container->call(Array)
#19 /Users/sumankhadka/Documents/Works/Beema Samadhan/vendor/laravel/framework/src/Illuminate/Foundation/Application.php(1128): Illuminate\\Foundation\\Application->bootProvider(Object(Laravel\\Sanctum\\SanctumServiceProvider))
#20 [internal function]: Illuminate\\Foundation\\Application->Illuminate\\Foundation\\{closure}(Object(Laravel\\Sanctum\\SanctumServiceProvider), 'Laravel\\\\Sanctum...')
#21 /Users/sumankhadka/Documents/Works/Beema Samadhan/vendor/laravel/framework/src/Illuminate/Foundation/Application.php(1127): array_walk(Array, Object(Closure))
#22 /Users/sumankhadka/Documents/Works/Beema Samadhan/vendor/laravel/framework/src/Illuminate/Foundation/Bootstrap/BootProviders.php(17): Illuminate\\Foundation\\Application->boot()
#23 /Users/sumankhadka/Documents/Works/Beema Samadhan/vendor/laravel/framework/src/Illuminate/Foundation/Application.php(342): Illuminate\\Foundation\\Bootstrap\\BootProviders->bootstrap(Object(Illuminate\\Foundation\\Application))
#24 /Users/sumankhadka/Documents/Works/Beema Samadhan/vendor/laravel/framework/src/Illuminate/Foundation/Console/Kernel.php(474): Illuminate\\Foundation\\Application->bootstrapWith(Array)
#25 /Users/sumankhadka/Documents/Works/Beema Samadhan/vendor/laravel/framework/src/Illuminate/Foundation/Console/Kernel.php(196): Illuminate\\Foundation\\Console\\Kernel->bootstrap()
#26 Command line code(1): Illuminate\\Foundation\\Console\\Kernel->handle(Object(Symfony\\Component\\Console\\Input\\ArgvInput), Object(Symfony\\Component\\Console\\Output\\ConsoleOutput))
#27 {main}
"} 
[2025-03-27 10:37:46] local.ERROR: syntax error, unexpected single-quoted string "api", expecting "function" {"exception":"[object] (ParseError(code: 0): syntax error, unexpected single-quoted string \"api\", expecting \"function\" at /Users/sumankhadka/Documents/Works/Beema Samadhan/app/Http/Kernel.php:68)
[stacktrace]
#0 /Users/sumankhadka/Documents/Works/Beema Samadhan/vendor/composer/ClassLoader.php(427): Composer\\Autoload\\{closure}('/Users/sumankha...')
#1 [internal function]: Composer\\Autoload\\ClassLoader->loadClass('App\\\\Http\\\\Kernel')
#2 /Users/sumankhadka/Documents/Works/Beema Samadhan/vendor/laravel/framework/src/Illuminate/Container/Container.php(944): ReflectionClass->__construct('App\\\\Http\\\\Kernel')
#3 /Users/sumankhadka/Documents/Works/Beema Samadhan/vendor/laravel/framework/src/Illuminate/Container/Container.php(819): Illuminate\\Container\\Container->build('App\\\\Http\\\\Kernel')
#4 /Users/sumankhadka/Documents/Works/Beema Samadhan/vendor/laravel/framework/src/Illuminate/Foundation/Application.php(1074): Illuminate\\Container\\Container->resolve('App\\\\Http\\\\Kernel', Array, false)
#5 /Users/sumankhadka/Documents/Works/Beema Samadhan/vendor/laravel/framework/src/Illuminate/Container/Container.php(324): Illuminate\\Foundation\\Application->resolve('App\\\\Http\\\\Kernel', Array, false)
#6 /Users/sumankhadka/Documents/Works/Beema Samadhan/vendor/laravel/framework/src/Illuminate/Container/Container.php(937): Illuminate\\Container\\Container->Illuminate\\Container\\{closure}(Object(Illuminate\\Foundation\\Application), Array)
#7 /Users/sumankhadka/Documents/Works/Beema Samadhan/vendor/laravel/framework/src/Illuminate/Container/Container.php(819): Illuminate\\Container\\Container->build(Object(Closure))
#8 /Users/sumankhadka/Documents/Works/Beema Samadhan/vendor/laravel/framework/src/Illuminate/Foundation/Application.php(1074): Illuminate\\Container\\Container->resolve('Illuminate\\\\Cont...', Array, true)
#9 /Users/sumankhadka/Documents/Works/Beema Samadhan/vendor/laravel/framework/src/Illuminate/Container/Container.php(755): Illuminate\\Foundation\\Application->resolve('Illuminate\\\\Cont...', Array)
#10 /Users/sumankhadka/Documents/Works/Beema Samadhan/vendor/laravel/framework/src/Illuminate/Foundation/Application.php(1056): Illuminate\\Container\\Container->make('Illuminate\\\\Cont...', Array)
#11 /Users/sumankhadka/Documents/Works/Beema Samadhan/vendor/laravel/sanctum/src/SanctumServiceProvider.php(119): Illuminate\\Foundation\\Application->make('Illuminate\\\\Cont...')
#12 /Users/sumankhadka/Documents/Works/Beema Samadhan/vendor/laravel/sanctum/src/SanctumServiceProvider.php(58): Laravel\\Sanctum\\SanctumServiceProvider->configureMiddleware()
#13 /Users/sumankhadka/Documents/Works/Beema Samadhan/vendor/laravel/framework/src/Illuminate/Container/BoundMethod.php(36): Laravel\\Sanctum\\SanctumServiceProvider->boot()
#14 /Users/sumankhadka/Documents/Works/Beema Samadhan/vendor/laravel/framework/src/Illuminate/Container/Util.php(43): Illuminate\\Container\\BoundMethod::Illuminate\\Container\\{closure}()
#15 /Users/sumankhadka/Documents/Works/Beema Samadhan/vendor/laravel/framework/src/Illuminate/Container/BoundMethod.php(95): Illuminate\\Container\\Util::unwrapIfClosure(Object(Closure))
#16 /Users/sumankhadka/Documents/Works/Beema Samadhan/vendor/laravel/framework/src/Illuminate/Container/BoundMethod.php(35): Illuminate\\Container\\BoundMethod::callBoundMethod(Object(Illuminate\\Foundation\\Application), Array, Object(Closure))
#17 /Users/sumankhadka/Documents/Works/Beema Samadhan/vendor/laravel/framework/src/Illuminate/Container/Container.php(694): Illuminate\\Container\\BoundMethod::call(Object(Illuminate\\Foundation\\Application), Array, Array, NULL)
#18 /Users/sumankhadka/Documents/Works/Beema Samadhan/vendor/laravel/framework/src/Illuminate/Foundation/Application.php(1147): Illuminate\\Container\\Container->call(Array)
#19 /Users/sumankhadka/Documents/Works/Beema Samadhan/vendor/laravel/framework/src/Illuminate/Foundation/Application.php(1128): Illuminate\\Foundation\\Application->bootProvider(Object(Laravel\\Sanctum\\SanctumServiceProvider))
#20 [internal function]: Illuminate\\Foundation\\Application->Illuminate\\Foundation\\{closure}(Object(Laravel\\Sanctum\\SanctumServiceProvider), 'Laravel\\\\Sanctum...')
#21 /Users/sumankhadka/Documents/Works/Beema Samadhan/vendor/laravel/framework/src/Illuminate/Foundation/Application.php(1127): array_walk(Array, Object(Closure))
#22 /Users/sumankhadka/Documents/Works/Beema Samadhan/vendor/laravel/framework/src/Illuminate/Foundation/Bootstrap/BootProviders.php(17): Illuminate\\Foundation\\Application->boot()
#23 /Users/sumankhadka/Documents/Works/Beema Samadhan/vendor/laravel/framework/src/Illuminate/Foundation/Application.php(342): Illuminate\\Foundation\\Bootstrap\\BootProviders->bootstrap(Object(Illuminate\\Foundation\\Application))
#24 /Users/sumankhadka/Documents/Works/Beema Samadhan/vendor/laravel/framework/src/Illuminate/Foundation/Console/Kernel.php(474): Illuminate\\Foundation\\Application->bootstrapWith(Array)
#25 /Users/sumankhadka/Documents/Works/Beema Samadhan/vendor/laravel/framework/src/Illuminate/Foundation/Console/Kernel.php(196): Illuminate\\Foundation\\Console\\Kernel->bootstrap()
#26 Command line code(1): Illuminate\\Foundation\\Console\\Kernel->handle(Object(Symfony\\Component\\Console\\Input\\ArgvInput), Object(Symfony\\Component\\Console\\Output\\ConsoleOutput))
#27 {main}
"} 
[2025-03-27 10:37:51] local.ERROR: Target class [App\Http\Kernel] does not exist. {"exception":"[object] (Illuminate\\Contracts\\Container\\BindingResolutionException(code: 0): Target class [App\\Http\\Kernel] does not exist. at /Users/sumankhadka/Documents/Works/Beema Samadhan/vendor/laravel/framework/src/Illuminate/Container/Container.php:946)
[stacktrace]
#0 /Users/sumankhadka/Documents/Works/Beema Samadhan/vendor/laravel/framework/src/Illuminate/Container/Container.php(819): Illuminate\\Container\\Container->build('App\\\\Http\\\\Kernel')
#1 /Users/sumankhadka/Documents/Works/Beema Samadhan/vendor/laravel/framework/src/Illuminate/Foundation/Application.php(1074): Illuminate\\Container\\Container->resolve('App\\\\Http\\\\Kernel', Array, false)
#2 /Users/sumankhadka/Documents/Works/Beema Samadhan/vendor/laravel/framework/src/Illuminate/Container/Container.php(324): Illuminate\\Foundation\\Application->resolve('App\\\\Http\\\\Kernel', Array, false)
#3 /Users/sumankhadka/Documents/Works/Beema Samadhan/vendor/laravel/framework/src/Illuminate/Container/Container.php(937): Illuminate\\Container\\Container->Illuminate\\Container\\{closure}(Object(Illuminate\\Foundation\\Application), Array)
#4 /Users/sumankhadka/Documents/Works/Beema Samadhan/vendor/laravel/framework/src/Illuminate/Container/Container.php(819): Illuminate\\Container\\Container->build(Object(Closure))
#5 /Users/sumankhadka/Documents/Works/Beema Samadhan/vendor/laravel/framework/src/Illuminate/Foundation/Application.php(1074): Illuminate\\Container\\Container->resolve('Illuminate\\\\Cont...', Array, true)
#6 /Users/sumankhadka/Documents/Works/Beema Samadhan/vendor/laravel/framework/src/Illuminate/Container/Container.php(755): Illuminate\\Foundation\\Application->resolve('Illuminate\\\\Cont...', Array)
#7 /Users/sumankhadka/Documents/Works/Beema Samadhan/vendor/laravel/framework/src/Illuminate/Foundation/Application.php(1056): Illuminate\\Container\\Container->make('Illuminate\\\\Cont...', Array)
#8 /Users/sumankhadka/Documents/Works/Beema Samadhan/vendor/laravel/sanctum/src/SanctumServiceProvider.php(119): Illuminate\\Foundation\\Application->make('Illuminate\\\\Cont...')
#9 /Users/sumankhadka/Documents/Works/Beema Samadhan/vendor/laravel/sanctum/src/SanctumServiceProvider.php(58): Laravel\\Sanctum\\SanctumServiceProvider->configureMiddleware()
#10 /Users/sumankhadka/Documents/Works/Beema Samadhan/vendor/laravel/framework/src/Illuminate/Container/BoundMethod.php(36): Laravel\\Sanctum\\SanctumServiceProvider->boot()
#11 /Users/sumankhadka/Documents/Works/Beema Samadhan/vendor/laravel/framework/src/Illuminate/Container/Util.php(43): Illuminate\\Container\\BoundMethod::Illuminate\\Container\\{closure}()
#12 /Users/sumankhadka/Documents/Works/Beema Samadhan/vendor/laravel/framework/src/Illuminate/Container/BoundMethod.php(95): Illuminate\\Container\\Util::unwrapIfClosure(Object(Closure))
#13 /Users/sumankhadka/Documents/Works/Beema Samadhan/vendor/laravel/framework/src/Illuminate/Container/BoundMethod.php(35): Illuminate\\Container\\BoundMethod::callBoundMethod(Object(Illuminate\\Foundation\\Application), Array, Object(Closure))
#14 /Users/sumankhadka/Documents/Works/Beema Samadhan/vendor/laravel/framework/src/Illuminate/Container/Container.php(694): Illuminate\\Container\\BoundMethod::call(Object(Illuminate\\Foundation\\Application), Array, Array, NULL)
#15 /Users/sumankhadka/Documents/Works/Beema Samadhan/vendor/laravel/framework/src/Illuminate/Foundation/Application.php(1147): Illuminate\\Container\\Container->call(Array)
#16 /Users/sumankhadka/Documents/Works/Beema Samadhan/vendor/laravel/framework/src/Illuminate/Foundation/Application.php(1128): Illuminate\\Foundation\\Application->bootProvider(Object(Laravel\\Sanctum\\SanctumServiceProvider))
#17 [internal function]: Illuminate\\Foundation\\Application->Illuminate\\Foundation\\{closure}(Object(Laravel\\Sanctum\\SanctumServiceProvider), 'Laravel\\\\Sanctum...')
#18 /Users/sumankhadka/Documents/Works/Beema Samadhan/vendor/laravel/framework/src/Illuminate/Foundation/Application.php(1127): array_walk(Array, Object(Closure))
#19 /Users/sumankhadka/Documents/Works/Beema Samadhan/vendor/laravel/framework/src/Illuminate/Foundation/Bootstrap/BootProviders.php(17): Illuminate\\Foundation\\Application->boot()
#20 /Users/sumankhadka/Documents/Works/Beema Samadhan/vendor/laravel/framework/src/Illuminate/Foundation/Application.php(342): Illuminate\\Foundation\\Bootstrap\\BootProviders->bootstrap(Object(Illuminate\\Foundation\\Application))
#21 /Users/sumankhadka/Documents/Works/Beema Samadhan/vendor/laravel/framework/src/Illuminate/Foundation/Console/Kernel.php(474): Illuminate\\Foundation\\Application->bootstrapWith(Array)
#22 /Users/sumankhadka/Documents/Works/Beema Samadhan/vendor/laravel/framework/src/Illuminate/Foundation/Console/Kernel.php(196): Illuminate\\Foundation\\Console\\Kernel->bootstrap()
#23 Command line code(1): Illuminate\\Foundation\\Console\\Kernel->handle(Object(Symfony\\Component\\Console\\Input\\ArgvInput), Object(Symfony\\Component\\Console\\Output\\ConsoleOutput))
#24 {main}

[previous exception] [object] (ReflectionException(code: -1): Class \"App\\Http\\Kernel\" does not exist at /Users/sumankhadka/Documents/Works/Beema Samadhan/vendor/laravel/framework/src/Illuminate/Container/Container.php:944)
[stacktrace]
#0 /Users/sumankhadka/Documents/Works/Beema Samadhan/vendor/laravel/framework/src/Illuminate/Container/Container.php(944): ReflectionClass->__construct('App\\\\Http\\\\Kernel')
#1 /Users/sumankhadka/Documents/Works/Beema Samadhan/vendor/laravel/framework/src/Illuminate/Container/Container.php(819): Illuminate\\Container\\Container->build('App\\\\Http\\\\Kernel')
#2 /Users/sumankhadka/Documents/Works/Beema Samadhan/vendor/laravel/framework/src/Illuminate/Foundation/Application.php(1074): Illuminate\\Container\\Container->resolve('App\\\\Http\\\\Kernel', Array, false)
#3 /Users/sumankhadka/Documents/Works/Beema Samadhan/vendor/laravel/framework/src/Illuminate/Container/Container.php(324): Illuminate\\Foundation\\Application->resolve('App\\\\Http\\\\Kernel', Array, false)
#4 /Users/sumankhadka/Documents/Works/Beema Samadhan/vendor/laravel/framework/src/Illuminate/Container/Container.php(937): Illuminate\\Container\\Container->Illuminate\\Container\\{closure}(Object(Illuminate\\Foundation\\Application), Array)
#5 /Users/sumankhadka/Documents/Works/Beema Samadhan/vendor/laravel/framework/src/Illuminate/Container/Container.php(819): Illuminate\\Container\\Container->build(Object(Closure))
#6 /Users/sumankhadka/Documents/Works/Beema Samadhan/vendor/laravel/framework/src/Illuminate/Foundation/Application.php(1074): Illuminate\\Container\\Container->resolve('Illuminate\\\\Cont...', Array, true)
#7 /Users/sumankhadka/Documents/Works/Beema Samadhan/vendor/laravel/framework/src/Illuminate/Container/Container.php(755): Illuminate\\Foundation\\Application->resolve('Illuminate\\\\Cont...', Array)
#8 /Users/sumankhadka/Documents/Works/Beema Samadhan/vendor/laravel/framework/src/Illuminate/Foundation/Application.php(1056): Illuminate\\Container\\Container->make('Illuminate\\\\Cont...', Array)
#9 /Users/sumankhadka/Documents/Works/Beema Samadhan/vendor/laravel/sanctum/src/SanctumServiceProvider.php(119): Illuminate\\Foundation\\Application->make('Illuminate\\\\Cont...')
#10 /Users/sumankhadka/Documents/Works/Beema Samadhan/vendor/laravel/sanctum/src/SanctumServiceProvider.php(58): Laravel\\Sanctum\\SanctumServiceProvider->configureMiddleware()
#11 /Users/sumankhadka/Documents/Works/Beema Samadhan/vendor/laravel/framework/src/Illuminate/Container/BoundMethod.php(36): Laravel\\Sanctum\\SanctumServiceProvider->boot()
#12 /Users/sumankhadka/Documents/Works/Beema Samadhan/vendor/laravel/framework/src/Illuminate/Container/Util.php(43): Illuminate\\Container\\BoundMethod::Illuminate\\Container\\{closure}()
#13 /Users/sumankhadka/Documents/Works/Beema Samadhan/vendor/laravel/framework/src/Illuminate/Container/BoundMethod.php(95): Illuminate\\Container\\Util::unwrapIfClosure(Object(Closure))
#14 /Users/sumankhadka/Documents/Works/Beema Samadhan/vendor/laravel/framework/src/Illuminate/Container/BoundMethod.php(35): Illuminate\\Container\\BoundMethod::callBoundMethod(Object(Illuminate\\Foundation\\Application), Array, Object(Closure))
#15 /Users/sumankhadka/Documents/Works/Beema Samadhan/vendor/laravel/framework/src/Illuminate/Container/Container.php(694): Illuminate\\Container\\BoundMethod::call(Object(Illuminate\\Foundation\\Application), Array, Array, NULL)
#16 /Users/sumankhadka/Documents/Works/Beema Samadhan/vendor/laravel/framework/src/Illuminate/Foundation/Application.php(1147): Illuminate\\Container\\Container->call(Array)
#17 /Users/sumankhadka/Documents/Works/Beema Samadhan/vendor/laravel/framework/src/Illuminate/Foundation/Application.php(1128): Illuminate\\Foundation\\Application->bootProvider(Object(Laravel\\Sanctum\\SanctumServiceProvider))
#18 [internal function]: Illuminate\\Foundation\\Application->Illuminate\\Foundation\\{closure}(Object(Laravel\\Sanctum\\SanctumServiceProvider), 'Laravel\\\\Sanctum...')
#19 /Users/sumankhadka/Documents/Works/Beema Samadhan/vendor/laravel/framework/src/Illuminate/Foundation/Application.php(1127): array_walk(Array, Object(Closure))
#20 /Users/sumankhadka/Documents/Works/Beema Samadhan/vendor/laravel/framework/src/Illuminate/Foundation/Bootstrap/BootProviders.php(17): Illuminate\\Foundation\\Application->boot()
#21 /Users/sumankhadka/Documents/Works/Beema Samadhan/vendor/laravel/framework/src/Illuminate/Foundation/Application.php(342): Illuminate\\Foundation\\Bootstrap\\BootProviders->bootstrap(Object(Illuminate\\Foundation\\Application))
#22 /Users/sumankhadka/Documents/Works/Beema Samadhan/vendor/laravel/framework/src/Illuminate/Foundation/Console/Kernel.php(474): Illuminate\\Foundation\\Application->bootstrapWith(Array)
#23 /Users/sumankhadka/Documents/Works/Beema Samadhan/vendor/laravel/framework/src/Illuminate/Foundation/Console/Kernel.php(196): Illuminate\\Foundation\\Console\\Kernel->bootstrap()
#24 Command line code(1): Illuminate\\Foundation\\Console\\Kernel->handle(Object(Symfony\\Component\\Console\\Input\\ArgvInput), Object(Symfony\\Component\\Console\\Output\\ConsoleOutput))
#25 {main}
"} 
[2025-03-27 10:37:56] local.ERROR: syntax error, unexpected single-quoted string "api", expecting "function" {"exception":"[object] (ParseError(code: 0): syntax error, unexpected single-quoted string \"api\", expecting \"function\" at /Users/sumankhadka/Documents/Works/Beema Samadhan/app/Http/Kernel.php:68)
[stacktrace]
#0 /Users/sumankhadka/Documents/Works/Beema Samadhan/vendor/composer/ClassLoader.php(427): Composer\\Autoload\\{closure}('/Users/sumankha...')
#1 [internal function]: Composer\\Autoload\\ClassLoader->loadClass('App\\\\Http\\\\Kernel')
#2 /Users/sumankhadka/Documents/Works/Beema Samadhan/vendor/laravel/framework/src/Illuminate/Container/Container.php(944): ReflectionClass->__construct('App\\\\Http\\\\Kernel')
#3 /Users/sumankhadka/Documents/Works/Beema Samadhan/vendor/laravel/framework/src/Illuminate/Container/Container.php(819): Illuminate\\Container\\Container->build('App\\\\Http\\\\Kernel')
#4 /Users/sumankhadka/Documents/Works/Beema Samadhan/vendor/laravel/framework/src/Illuminate/Foundation/Application.php(1074): Illuminate\\Container\\Container->resolve('App\\\\Http\\\\Kernel', Array, false)
#5 /Users/sumankhadka/Documents/Works/Beema Samadhan/vendor/laravel/framework/src/Illuminate/Container/Container.php(324): Illuminate\\Foundation\\Application->resolve('App\\\\Http\\\\Kernel', Array, false)
#6 /Users/sumankhadka/Documents/Works/Beema Samadhan/vendor/laravel/framework/src/Illuminate/Container/Container.php(937): Illuminate\\Container\\Container->Illuminate\\Container\\{closure}(Object(Illuminate\\Foundation\\Application), Array)
#7 /Users/sumankhadka/Documents/Works/Beema Samadhan/vendor/laravel/framework/src/Illuminate/Container/Container.php(819): Illuminate\\Container\\Container->build(Object(Closure))
#8 /Users/sumankhadka/Documents/Works/Beema Samadhan/vendor/laravel/framework/src/Illuminate/Foundation/Application.php(1074): Illuminate\\Container\\Container->resolve('Illuminate\\\\Cont...', Array, true)
#9 /Users/sumankhadka/Documents/Works/Beema Samadhan/vendor/laravel/framework/src/Illuminate/Container/Container.php(755): Illuminate\\Foundation\\Application->resolve('Illuminate\\\\Cont...', Array)
#10 /Users/sumankhadka/Documents/Works/Beema Samadhan/vendor/laravel/framework/src/Illuminate/Foundation/Application.php(1056): Illuminate\\Container\\Container->make('Illuminate\\\\Cont...', Array)
#11 /Users/sumankhadka/Documents/Works/Beema Samadhan/vendor/laravel/sanctum/src/SanctumServiceProvider.php(119): Illuminate\\Foundation\\Application->make('Illuminate\\\\Cont...')
#12 /Users/sumankhadka/Documents/Works/Beema Samadhan/vendor/laravel/sanctum/src/SanctumServiceProvider.php(58): Laravel\\Sanctum\\SanctumServiceProvider->configureMiddleware()
#13 /Users/sumankhadka/Documents/Works/Beema Samadhan/vendor/laravel/framework/src/Illuminate/Container/BoundMethod.php(36): Laravel\\Sanctum\\SanctumServiceProvider->boot()
#14 /Users/sumankhadka/Documents/Works/Beema Samadhan/vendor/laravel/framework/src/Illuminate/Container/Util.php(43): Illuminate\\Container\\BoundMethod::Illuminate\\Container\\{closure}()
#15 /Users/sumankhadka/Documents/Works/Beema Samadhan/vendor/laravel/framework/src/Illuminate/Container/BoundMethod.php(95): Illuminate\\Container\\Util::unwrapIfClosure(Object(Closure))
#16 /Users/sumankhadka/Documents/Works/Beema Samadhan/vendor/laravel/framework/src/Illuminate/Container/BoundMethod.php(35): Illuminate\\Container\\BoundMethod::callBoundMethod(Object(Illuminate\\Foundation\\Application), Array, Object(Closure))
#17 /Users/sumankhadka/Documents/Works/Beema Samadhan/vendor/laravel/framework/src/Illuminate/Container/Container.php(694): Illuminate\\Container\\BoundMethod::call(Object(Illuminate\\Foundation\\Application), Array, Array, NULL)
#18 /Users/sumankhadka/Documents/Works/Beema Samadhan/vendor/laravel/framework/src/Illuminate/Foundation/Application.php(1147): Illuminate\\Container\\Container->call(Array)
#19 /Users/sumankhadka/Documents/Works/Beema Samadhan/vendor/laravel/framework/src/Illuminate/Foundation/Application.php(1128): Illuminate\\Foundation\\Application->bootProvider(Object(Laravel\\Sanctum\\SanctumServiceProvider))
#20 [internal function]: Illuminate\\Foundation\\Application->Illuminate\\Foundation\\{closure}(Object(Laravel\\Sanctum\\SanctumServiceProvider), 'Laravel\\\\Sanctum...')
#21 /Users/sumankhadka/Documents/Works/Beema Samadhan/vendor/laravel/framework/src/Illuminate/Foundation/Application.php(1127): array_walk(Array, Object(Closure))
#22 /Users/sumankhadka/Documents/Works/Beema Samadhan/vendor/laravel/framework/src/Illuminate/Foundation/Bootstrap/BootProviders.php(17): Illuminate\\Foundation\\Application->boot()
#23 /Users/sumankhadka/Documents/Works/Beema Samadhan/vendor/laravel/framework/src/Illuminate/Foundation/Application.php(342): Illuminate\\Foundation\\Bootstrap\\BootProviders->bootstrap(Object(Illuminate\\Foundation\\Application))
#24 /Users/sumankhadka/Documents/Works/Beema Samadhan/vendor/laravel/framework/src/Illuminate/Foundation/Console/Kernel.php(474): Illuminate\\Foundation\\Application->bootstrapWith(Array)
#25 /Users/sumankhadka/Documents/Works/Beema Samadhan/vendor/laravel/framework/src/Illuminate/Foundation/Console/Kernel.php(196): Illuminate\\Foundation\\Console\\Kernel->bootstrap()
#26 Command line code(1): Illuminate\\Foundation\\Console\\Kernel->handle(Object(Symfony\\Component\\Console\\Input\\ArgvInput), Object(Symfony\\Component\\Console\\Output\\ConsoleOutput))
#27 {main}
"} 
[2025-03-27 10:37:58] local.ERROR: syntax error, unexpected single-quoted string "api", expecting "function" {"exception":"[object] (ParseError(code: 0): syntax error, unexpected single-quoted string \"api\", expecting \"function\" at /Users/sumankhadka/Documents/Works/Beema Samadhan/app/Http/Kernel.php:68)
[stacktrace]
#0 /Users/sumankhadka/Documents/Works/Beema Samadhan/vendor/composer/ClassLoader.php(427): Composer\\Autoload\\{closure}('/Users/sumankha...')
#1 [internal function]: Composer\\Autoload\\ClassLoader->loadClass('App\\\\Http\\\\Kernel')
#2 /Users/sumankhadka/Documents/Works/Beema Samadhan/vendor/laravel/framework/src/Illuminate/Container/Container.php(944): ReflectionClass->__construct('App\\\\Http\\\\Kernel')
#3 /Users/sumankhadka/Documents/Works/Beema Samadhan/vendor/laravel/framework/src/Illuminate/Container/Container.php(819): Illuminate\\Container\\Container->build('App\\\\Http\\\\Kernel')
#4 /Users/sumankhadka/Documents/Works/Beema Samadhan/vendor/laravel/framework/src/Illuminate/Foundation/Application.php(1074): Illuminate\\Container\\Container->resolve('App\\\\Http\\\\Kernel', Array, false)
#5 /Users/sumankhadka/Documents/Works/Beema Samadhan/vendor/laravel/framework/src/Illuminate/Container/Container.php(324): Illuminate\\Foundation\\Application->resolve('App\\\\Http\\\\Kernel', Array, false)
#6 /Users/sumankhadka/Documents/Works/Beema Samadhan/vendor/laravel/framework/src/Illuminate/Container/Container.php(937): Illuminate\\Container\\Container->Illuminate\\Container\\{closure}(Object(Illuminate\\Foundation\\Application), Array)
#7 /Users/sumankhadka/Documents/Works/Beema Samadhan/vendor/laravel/framework/src/Illuminate/Container/Container.php(819): Illuminate\\Container\\Container->build(Object(Closure))
#8 /Users/sumankhadka/Documents/Works/Beema Samadhan/vendor/laravel/framework/src/Illuminate/Foundation/Application.php(1074): Illuminate\\Container\\Container->resolve('Illuminate\\\\Cont...', Array, true)
#9 /Users/sumankhadka/Documents/Works/Beema Samadhan/vendor/laravel/framework/src/Illuminate/Container/Container.php(755): Illuminate\\Foundation\\Application->resolve('Illuminate\\\\Cont...', Array)
#10 /Users/sumankhadka/Documents/Works/Beema Samadhan/vendor/laravel/framework/src/Illuminate/Foundation/Application.php(1056): Illuminate\\Container\\Container->make('Illuminate\\\\Cont...', Array)
#11 /Users/sumankhadka/Documents/Works/Beema Samadhan/vendor/laravel/sanctum/src/SanctumServiceProvider.php(119): Illuminate\\Foundation\\Application->make('Illuminate\\\\Cont...')
#12 /Users/sumankhadka/Documents/Works/Beema Samadhan/vendor/laravel/sanctum/src/SanctumServiceProvider.php(58): Laravel\\Sanctum\\SanctumServiceProvider->configureMiddleware()
#13 /Users/sumankhadka/Documents/Works/Beema Samadhan/vendor/laravel/framework/src/Illuminate/Container/BoundMethod.php(36): Laravel\\Sanctum\\SanctumServiceProvider->boot()
#14 /Users/sumankhadka/Documents/Works/Beema Samadhan/vendor/laravel/framework/src/Illuminate/Container/Util.php(43): Illuminate\\Container\\BoundMethod::Illuminate\\Container\\{closure}()
#15 /Users/sumankhadka/Documents/Works/Beema Samadhan/vendor/laravel/framework/src/Illuminate/Container/BoundMethod.php(95): Illuminate\\Container\\Util::unwrapIfClosure(Object(Closure))
#16 /Users/sumankhadka/Documents/Works/Beema Samadhan/vendor/laravel/framework/src/Illuminate/Container/BoundMethod.php(35): Illuminate\\Container\\BoundMethod::callBoundMethod(Object(Illuminate\\Foundation\\Application), Array, Object(Closure))
#17 /Users/sumankhadka/Documents/Works/Beema Samadhan/vendor/laravel/framework/src/Illuminate/Container/Container.php(694): Illuminate\\Container\\BoundMethod::call(Object(Illuminate\\Foundation\\Application), Array, Array, NULL)
#18 /Users/sumankhadka/Documents/Works/Beema Samadhan/vendor/laravel/framework/src/Illuminate/Foundation/Application.php(1147): Illuminate\\Container\\Container->call(Array)
#19 /Users/sumankhadka/Documents/Works/Beema Samadhan/vendor/laravel/framework/src/Illuminate/Foundation/Application.php(1128): Illuminate\\Foundation\\Application->bootProvider(Object(Laravel\\Sanctum\\SanctumServiceProvider))
#20 [internal function]: Illuminate\\Foundation\\Application->Illuminate\\Foundation\\{closure}(Object(Laravel\\Sanctum\\SanctumServiceProvider), 'Laravel\\\\Sanctum...')
#21 /Users/sumankhadka/Documents/Works/Beema Samadhan/vendor/laravel/framework/src/Illuminate/Foundation/Application.php(1127): array_walk(Array, Object(Closure))
#22 /Users/sumankhadka/Documents/Works/Beema Samadhan/vendor/laravel/framework/src/Illuminate/Foundation/Bootstrap/BootProviders.php(17): Illuminate\\Foundation\\Application->boot()
#23 /Users/sumankhadka/Documents/Works/Beema Samadhan/vendor/laravel/framework/src/Illuminate/Foundation/Application.php(342): Illuminate\\Foundation\\Bootstrap\\BootProviders->bootstrap(Object(Illuminate\\Foundation\\Application))
#24 /Users/sumankhadka/Documents/Works/Beema Samadhan/vendor/laravel/framework/src/Illuminate/Foundation/Console/Kernel.php(474): Illuminate\\Foundation\\Application->bootstrapWith(Array)
#25 /Users/sumankhadka/Documents/Works/Beema Samadhan/vendor/laravel/framework/src/Illuminate/Foundation/Console/Kernel.php(196): Illuminate\\Foundation\\Console\\Kernel->bootstrap()
#26 Command line code(1): Illuminate\\Foundation\\Console\\Kernel->handle(Object(Symfony\\Component\\Console\\Input\\ArgvInput), Object(Symfony\\Component\\Console\\Output\\ConsoleOutput))
#27 {main}
"} 
